[www.shlongline.com/index.html]
[backblue.gif]
[fade.gif]
[index.html]
[static.websiteonline.cn/website/template/default/css/defaultc4be.css]
[static.websiteonline.cn/website/plugin/title/css/title13eb.css]
[static.websiteonline.cn/website/plugin/breadcrumb/css/breadcrumb188c.css]
[static.websiteonline.cn/website/script/index9949.html]
[static.websiteonline.cn/website/plugin/index1eeb.html]
[pro86460e.pic16.websiteonline.cn/upload/5e95.7.delayed]
[www.shlongline.com/page105e631.html]
[www.shlongline.com/10a1c.html]
[www.shlongline.com/page10546e1.html]
[www.shlongline.com/page1058d49.html]
[www.shlongline.com/page105792e.html]
[www.shlongline.com/page105134a.html]
[www.shlongline.com/page1053e14.html]
[www.shlongline.com/page105064a.html]
[www.shlongline.com/18402.html]
[www.shlongline.com/page10545b4.html]
[www.shlongline.com/page1058634.html]
[www.shlongline.com/page105ca62.html]
[www.shlongline.com/page91.html]
[www.shlongline.com/page115.html]
[www.shlongline.com/page116.html]
[www.shlongline.com/page98.html]
[www.shlongline.com/page6.html]
[static.websiteonline.cn/website/template/default/images/blank.gif]
[www.shlongline.com/page7.html]
[www.shlongline.com/page8.html]
[www.shlongline.com/page1058572.html]
[www.shlongline.com/page105f5af.html]
[www.shlongline.com/page1050ae5.html]
[www.shlongline.com/page105377c.html]
[www.shlongline.com/pag10894c5.html]
[www.shlongline.com/pag10861c1.html]
[www.shlongline.com/pag108ea18.html]
[www.shlongline.com/pag108d3db.html]
[www.shlongline.com/pag108d8ee.html]
[www.shlongline.com/pag108ab47.html]
[www.shlongline.com/pag108a42e.html]
[www.shlongline.com/pag1080144.html]
[www.shlongline.com/pag108304a.html]
[www.shlongline.com/pag10887db.html]
[www.shlongline.com/pag1085b34.html]
[www.shlongline.com/pag108e35a.html]
[www.shlongline.com/pag108b108.html]
[www.shlongline.com/pag1081232.html]
[www.shlongline.com/pag108d8dd.html]
[www.shlongline.com/pag1084362.html]
[www.shlongline.com/pag108513c.html]
[www.shlongline.com/pag10845e8.html]
[www.shlongline.com/pag108b66b.html]
[www.shlongline.com/pag108ac8f.html]
[www.shlongline.com/pag1080a45.html]
[www.shlongline.com/pag108a0c0.html]
[www.shlongline.com/page1051f93.html]
[www.shlongline.com/pag1087c7b.html]
[www.shlongline.com/pag108489e.html]
[www.shlongline.com/page10504ea.html]
[www.shlongline.com/page105becd.html]
[www.shlongline.com/pag108694e.html]
[www.shlongline.com/pag108ff1f.html]
[www.shlongline.com/pag108c83d.html]
[www.shlongline.com/pag10806ca.html]
[www.shlongline.com/pag10815c9.html]
[www.shlongline.com/pag108d231.html]
[www.shlongline.com/pag1087259.html]
[www.shlongline.com/page1057a20.html]
[www.shlongline.com/page105b92c.html]
[www.shlongline.com/pag1085584.html]
[www.shlongline.com/pag108d3ba.html]
[www.shlongline.com/pag108c90e.html]
[www.shlongline.com/pag108228c.html]
[www.shlongline.com/pag1082c43.html]
[www.shlongline.com/pag108dd61.html]
[www.shlongline.com/pag108836f.html]
[www.shlongline.com/pag1089126.html]
[www.shlongline.com/page10555c9.html]
[www.shlongline.com/pag1088314.html]
[www.shlongline.com/pag1084d61.html]
[www.shlongline.com/page105a612.html]
[www.shlongline.com/pag1089a4d.html]
[www.shlongline.com/pag10866f6.html]
[www.shlongline.com/pag1087c00.html]
[www.shlongline.com/pag1089168.html]
[www.shlongline.com/page105f9fd.html]
[www.shlongline.com/page10584c9.html]
[www.shlongline.com/page105b245.html]
[pro86460e.pic16.websiteonline.cn/upload/bg_30ip.57.delayed]
[static.websiteonline.cn/website/plugin/customerservice/images/icons/qq/offline_qq_41.png]
[www.shlongline.com/index.html]
[static.websiteonline.cn/website/plugin/customerservice/js/floating.js]
[static.websiteonline.cn/website/template/default/images/wp-link-input-bg.gif]
[static.websiteonline.cn/website/template/default/images/wp-diy-selected-button.gif]
[static.websiteonline.cn/website/template/default/images/wp-diy-selected-button2.gif]
[static.websiteonline.cn/website/template/default/images/copyright_logo.png]
[static.websiteonline.cn/website/template/default/images/copy_close.png]
[static.websiteonline.cn/website/template/default/images/sitestar_copyright_bg.png]
[static.websiteonline.cn/website/template/default/images/wp-new-member-background.png]
[static.websiteonline.cn/website/template/default/images/wp-new-member-login-windows-c.png]
[static.websiteonline.cn/website/template/default/images/wp-new-member-login-text-input.gif]
[static.websiteonline.cn/website/template/default/images/loading.gif]
[static.websiteonline.cn/website/template/default/images/popclose.png]
[static.websiteonline.cn/website/template/default/css/defaultc4be.css]
[static.websiteonline.cn/website/plugin/media/css/media188c.css]
[static.websiteonline.cn/website/plugin/title/view/icons/flash.gif]
[static.websiteonline.cn/website/plugin/title/view/icons/rm.gif]
[static.websiteonline.cn/website/plugin/title/view/icons/media.gif]
[static.websiteonline.cn/website/plugin/title/css/title13eb.css]
[static.websiteonline.cn/website/plugin/breadcrumb/css/images/loader32x32.gif]
[static.websiteonline.cn/website/plugin/breadcrumb/images/sprite.png]
[static.websiteonline.cn/website/plugin/breadcrumb/css/breadcrumb188c.css]
[static.websiteonline.cn/website/plugin/customerservice/css/customerservice188c.css]
[static.websiteonline.cn/website/plugin/chtml/view/icons/flash.gif]
[static.websiteonline.cn/website/plugin/chtml/view/icons/rm.gif]
[static.websiteonline.cn/website/plugin/chtml/view/icons/media.gif]
[static.websiteonline.cn/template/default/images/loading2.gif]
[static.websiteonline.cn/website/plugin/chtml/css/chtml188c.css]
[www.shlongline.com/GET]
[www.shlongline.com/template/default/images/blank.gif]
[www.shlongline.com/template/default/images/loading.gif]
[www.shlongline.com/plugin/title/css/title.css]
[www.shlongline.com/template/default/images/searchico.png]
[www.shlongline.com/template/default/images/un-lock.png]
[static.websiteonline.cn/website/script/index9949.html]
[static.websiteonline.cn/website/plugin/index1eeb.html]
[static.websiteonline.cn/website/plugin/new_navigation/styles/hs12/nav_04_01_m0sL.jpg]
[www.shlongline.com/d7690d6c45dc74f59c93363e0c9f4597.css]
[pro86460e.pic16.websiteonline.cn/upload/5e95.html]
[www.shlongline.com/page105e631.html]
[www.shlongline.com/index.76d41d.delayed]
[www.shlongline.com/10a1c.html]
[www.shlongline.com/pag10871ac.html]
[www.shlongline.com/pag108b2c0.html]
[www.shlongline.com/pag1080f58.html]
[www.shlongline.com/pag1088cc3.html]
[www.shlongline.com/pag1089cb9.html]
[www.shlongline.com/pag10846e1.html]
[www.shlongline.com/page10546e1.html]
[www.shlongline.com/pag1084286.html]
[www.shlongline.com/pag108628d.html]
[www.shlongline.com/pag108a8a9.html]
[www.shlongline.com/pag108ce4d.html]
[www.shlongline.com/page1058d49.html]
[www.shlongline.com/pag108fa40.html]
[www.shlongline.com/pag1080cd7.html]
[www.shlongline.com/pag1084229.html]
[www.shlongline.com/pag1084dfc.html]
[www.shlongline.com/pag108e13e.html]
[www.shlongline.com/pag1083bc4.html]
[www.shlongline.com/pag1088bf6.html]
[www.shlongline.com/pag10870a4.html]
[www.shlongline.com/pag1087dc7.html]
[www.shlongline.com/pag108728e.html]
[www.shlongline.com/page105792e.html]
[www.shlongline.com/pag10802f8.html]
[www.shlongline.com/pag1089201.html]
[www.shlongline.com/page105134a.html]
[www.shlongline.com/pag108e795.html]
[www.shlongline.com/pag1086ebd.html]
[www.shlongline.com/page1053e14.html]
[www.shlongline.com/pag108c071.html]
[www.shlongline.com/pag1083957.html]
[www.shlongline.com/pag1081f5e.html]
[www.shlongline.com/pag1080379.html]
[www.shlongline.com/pag108dafd.html]
[www.shlongline.com/pag108b74e.html]
[www.shlongline.com/pag108add2.html]
[www.shlongline.com/pag108f7a8.html]
[www.shlongline.com/page105064a.html]
[www.shlongline.com/18402.html]
[www.shlongline.com/pag1082468.html]
[www.shlongline.com/pag1083ab7.html]
[www.shlongline.com/pag108ecc9.html]
[www.shlongline.com/pag1080a7e.html]
[www.shlongline.com/pag1086fe0.html]
[www.shlongline.com/pag10880e3.html]
[www.shlongline.com/pag108ab0b.html]
[www.shlongline.com/pag1082f76.html]
[www.shlongline.com/page10545b4.html]
[www.shlongline.com/pag10887aa.html]
[www.shlongline.com/pag1088ddf.html]
[www.shlongline.com/page1058634.html]
[www.shlongline.com/pag1082e70.html]
[www.shlongline.com/pag10853a6.html]
[www.shlongline.com/pag1082901.html]
[www.shlongline.com/page105ca62.html]
[www.shlongline.com/pag1080e69.html]
[static.websiteonline.cn/website/plugin/indexa443.html]
[www.shlongline.com/page91.html]
[www.shlongline.com/page115.html]
[www.shlongline.com/page116.html]
[www.shlongline.com/pag10899c3.html]
[static.websiteonline.cn/website/plugin/lantern/css/lantern470f.css]
[www.shlongline.com/1.html]
[pro86460e.pic16.websiteonline.cn/upload/sbo_gd86.jpg]
[pro86460e.pic16.websiteonline.cn/upload/spline2_70vc.jpg]
[pro86460e.pic16.websiteonline.cn/upload/ball guide_04u0.jpg]
[pro86460e.pic16.websiteonline.cn/upload/wrgo_ovlg.jpg]
[pro86460e.pic16.websiteonline.cn/upload/crb2_qm6n.jpg]
[pro86460e.pic16.websiteonline.cn/upload/minijpg_qwrb.jpg]
[pro86460e.pic16.websiteonline.cn/upload/mvf90d_j663.jpg]
[static.websiteonline.cn/website/plugin/lantern/js/lrscroll.js]
[www.shlongline.com/page98.html]
[static.websiteonline.cn/website/plugin/indexf12e.html]
[static.websiteonline.cn/website/plugin/shopping_cart/css/shopping_cart.css]
[www.shlongline.com/page6.html]
[www.shlongline.com/page10006ae.html]
[www.shlongline.com/page104a5b7.html]
[www.shlongline.com/page104483d.html]
[www.shlongline.com/page104dac4.html]
[www.shlongline.com/page1047330.html]
[www.shlongline.com/page10456cf.html]
[www.shlongline.com/page1046ea2.html]
[www.shlongline.com/page10428e8.html]
[www.shlongline.com/page1046b9c.html]
[www.shlongline.com/page7.html]
[www.shlongline.com/page1044d04.html]
[www.shlongline.com/page8.html]
[www.shlongline.com/page1043d7d.html]
[www.shlongline.com/map/baidu90d0.html]
[www.shlongline.com/page1058572.html]
[www.shlongline.com/page105d58d.html]
[www.shlongline.com/page105a5ca.html]
[www.shlongline.com/pag1087b0f.html]
[www.shlongline.com/pag10805bb.html]
[www.shlongline.com/pag108ae7d.html]
[www.shlongline.com/pag108a05b.html]
[www.shlongline.com/pag1085d6f.html]
[www.shlongline.com/pag10806a7.html]
[www.shlongline.com/pag108e4ed.html]
[www.shlongline.com/pag1086268.html]
[www.shlongline.com/pag1085717.html]
[www.shlongline.com/pag10839a5.html]
[www.shlongline.com/page105f5af.html]
[www.shlongline.com/pag108f5ad.html]
[www.shlongline.com/pag108c527.html]
[www.shlongline.com/page1050ae5.html]
[www.shlongline.com/page1054c3a.html]
[www.shlongline.com/page105377c.html]
[static.websiteonline.cn/website/plugin/product_detail/css/product_detailea4f.css]
[www.shlongline.com/page1053c77.html]
[static.websiteonline.cn/website/plugin/indexa1b3.html]
[static.websiteonline.cn/website/plugin/product_detail/styles/default/product_detail.css]
[static.websiteonline.cn/website/plugin/shopping_cart/js/shopping_cart_browser.js]
[pro86460e.pic16.websiteonline.cn/upload/wsp_4o0o.jpg]
[www.shlongline.com/pag10894c5.html]
[pro86460e.pic16.websiteonline.cn/upload/wspl_ixzs.jpg]
[pro86460e.pic16.websiteonline.cn/upload/wsp tuzhi_b3zc.png]
[www.shlongline.com/pag10861c1.html]
[pro86460e.pic16.websiteonline.cn/upload/wspltuzhi_v7b8.png]
[pro86460e.pic16.websiteonline.cn/upload/wspt_rxyv.jpg]
[pro86460e.pic16.websiteonline.cn/upload/wspttuzhi_69ct.png]
[www.shlongline.com/pag108ea18.html]
[pro86460e.pic16.websiteonline.cn/upload/wsptf_wrd1.jpg]
[pro86460e.pic16.websiteonline.cn/upload/wsp xiangxi_yvf9.png]
[www.shlongline.com/pag108d8ee.html]
[pro86460e.pic16.websiteonline.cn/upload/wspf_qrg2.jpg]
[pro86460e.pic16.websiteonline.cn/upload/wsplxiangxi_h155.png]
[pro86460e.pic16.websiteonline.cn/upload/wspt xiangxi_bgs3.png]
[pro86460e.pic16.websiteonline.cn/upload/wsptf tuzhi_tuvq.png]
[pro86460e.pic16.websiteonline.cn/upload/wspftuzhi_txmu.png]
[www.shlongline.com/pag108d3db.html]
[pro86460e.pic16.websiteonline.cn/upload/wspfl_auko.jpg]
[www.shlongline.com/pag108ab47.html]
[pro86460e.pic16.websiteonline.cn/upload/wspk_u3lw.jpg]
[pro86460e.pic16.websiteonline.cn/upload/wspfl xiangxi_vm44.jpg]
[www.shlongline.com/pag108a42e.html]
[pro86460e.pic16.websiteonline.cn/upload/wspkl_gygy.jpg]
[pro86460e.pic16.websiteonline.cn/upload/wspktuzhi_9s4l.png]
[www.shlongline.com/pag1080144.html]
[pro86460e.pic16.websiteonline.cn/upload/wspkl tuzhi_d4z8.png]
[pro86460e.pic16.websiteonline.cn/upload/sb_brw5.jpg]
[www.shlongline.com/pag108304a.html]
[pro86460e.pic16.websiteonline.cn/upload/wspf xiangxi_9bz5.png]
[www.shlongline.com/pag10887db.html]
[pro86460e.pic16.websiteonline.cn/upload/sb xiangxi_meie.png]
[www.shlongline.com/pag1085b34.html]
[pro86460e.pic16.websiteonline.cn/upload/wspfl_x2bp.jpg]
[www.shlongline.com/pag108e35a.html]
[pro86460e.pic16.websiteonline.cn/upload/r-f.jpg]
[pro86460e.pic16.websiteonline.cn/upload/r-fl.jpg]
[www.shlongline.com/pag108b108.html]
[pro86460e.pic16.websiteonline.cn/upload/r-r.jpg]
[pro86460e.pic16.websiteonline.cn/upload/r-rl.jpg]
[pro86460e.pic16.websiteonline.cn/upload/sbe_yjhs.jpg]
[www.shlongline.com/pag1081232.html]
[pro86460e.pic16.websiteonline.cn/upload/sbo xiangxi_iih7.png]
[pro86460e.pic16.websiteonline.cn/upload/h-f.jpg]
[www.shlongline.com/pag108d8dd.html]
[pro86460e.pic16.websiteonline.cn/upload/h-fl.jpg]
[www.shlongline.com/pag1084362.html]
[pro86460e.pic16.websiteonline.cn/upload/h-r.jpg]
[pro86460e.pic16.websiteonline.cn/upload/h-sf.jpg]
[pro86460e.pic16.websiteonline.cn/upload/h-rl.jpg]
[www.shlongline.com/pag108513c.html]
[www.shlongline.com/pag10845e8.html]
[pro86460e.pic16.websiteonline.cn/upload/h-sr.jpg]
[pro86460e.pic16.websiteonline.cn/upload/h-sfl.jpg]
[www.shlongline.com/pag108b66b.html]
[pro86460e.pic16.websiteonline.cn/upload/s-f.jpg]
[pro86460e.pic16.websiteonline.cn/upload/h-srl.jpg]
[pro86460e.pic16.websiteonline.cn/upload/s-cf.jpg]
[www.shlongline.com/pag108ac8f.html]
[pro86460e.pic16.websiteonline.cn/upload/s-c.jpg]
[www.shlongline.com/pag1080a45.html]
[pro86460e.pic16.websiteonline.cn/upload/s-sf.jpg]
[pro86460e.pic16.websiteonline.cn/upload/s-r.jpg]
[pro86460e.pic16.websiteonline.cn/upload/s-scf.jpg]
[www.shlongline.com/pag108a0c0.html]
[pro86460e.pic16.websiteonline.cn/upload/sbeo_lm0s.jpg]
[pro86460e.pic16.websiteonline.cn/upload/s-sr.jpg]
[pro86460e.pic16.websiteonline.cn/upload/s-sc.jpg]
[www.shlongline.com/page1051f93.html]
[www.shlongline.com/page105d5bf.html]
[pro86460e.pic16.websiteonline.cn/upload/m-n.jpg]
[pro86460e.pic16.websiteonline.cn/upload/m-c.jpg]
[pro86460e.pic16.websiteonline.cn/upload/m-l.jpg]
[www.shlongline.com/pag1087c7b.html]
[pro86460e.pic16.websiteonline.cn/upload/mpmymr_vswy.jpg]
[pro86460e.pic16.websiteonline.cn/upload/mb-n_pril.jpg]
[pro86460e.pic16.websiteonline.cn/upload/mb-c.jpg]
[pro86460e.pic16.websiteonline.cn/upload/mb-l.jpg]
[pro86460e.pic16.websiteonline.cn/upload/weiguixinghao.jpg]
[pro86460e.pic16.websiteonline.cn/upload/mxilie.jpg]
[www.shlongline.com/pag108489e.html]
[www.shlongline.com/page105cee7.html]
[www.shlongline.com/page10504ea.html]
[www.shlongline.com/page105b3e5.html]
[www.shlongline.com/page105becd.html]
[pro86460e.pic16.websiteonline.cn/upload/wrg-ac_ex8l.jpg]
[www.shlongline.com/pag108694e.html]
[www.shlongline.com/pag108ff1f.html]
[pro86460e.pic16.websiteonline.cn/upload/wrg_wzhz.jpg]
[www.shlongline.com/pag108c83d.html]
[pro86460e.pic16.websiteonline.cn/upload/wrg-ac-2_rwcr.jpg]
[www.shlongline.com/pag10806ca.html]
[pro86460e.pic16.websiteonline.cn/upload/wrgw_1t42.jpg]
[pro86460e.pic16.websiteonline.cn/upload/mbxilie.jpg]
[pro86460e.pic16.websiteonline.cn/upload/mb2.jpg]
[pro86460e.pic16.websiteonline.cn/upload/wrgt_it3j.jpg]
[www.shlongline.com/pag10815c9.html]
[pro86460e.pic16.websiteonline.cn/upload/wrgu_rok6.jpg]
[www.shlongline.com/pag108d231.html]
[www.shlongline.com/pag1087259.html]
[pro86460e.pic16.websiteonline.cn/upload/wrgu-2_jcc8.jpg]
[www.shlongline.com/page1055dfc.html]
[www.shlongline.com/pag10805d0.html]
[www.shlongline.com/pag1083867.html]
[www.shlongline.com/pag1088ebb.html]
[www.shlongline.com/pag108fb43.html]
[www.shlongline.com/pag1083c53.html]
[www.shlongline.com/pag10808b1.html]
[www.shlongline.com/pag108bb36.html]
[www.shlongline.com/pag1084167.html]
[www.shlongline.com/pag108329c.html]
[www.shlongline.com/pag1082698.html]
[www.shlongline.com/pag108660c.html]
[www.shlongline.com/page1057a20.html]
[www.shlongline.com/pag108e3c6.html]
[www.shlongline.com/page105b92c.html]
[www.shlongline.com/page1051627.html]
[pro86460e.pic16.websiteonline.cn/upload/svf80_uu05.jpg]
[www.shlongline.com/pag1085584.html]
[pro86460e.pic16.websiteonline.cn/upload/mvf90_u0b5.jpg]
[www.shlongline.com/pag108d3ba.html]
[www.shlongline.com/pag108c90e.html]
[pro86460e.pic16.websiteonline.cn/upload/mv90_elae.jpg]
[pro86460e.pic16.websiteonline.cn/upload/svf80_hlqr.png]
[www.shlongline.com/pag108228c.html]
[www.shlongline.com/pag1082c43.html]
[pro86460e.pic16.websiteonline.cn/upload/mvf_qlmr.jpg]
[pro86460e.pic16.websiteonline.cn/upload/mvf90d_4so9.png]
[www.shlongline.com/pag108dd61.html]
[www.shlongline.com/pag108836f.html]
[pro86460e.pic16.websiteonline.cn/upload/tmvf_kr28.jpg]
[pro86460e.pic16.websiteonline.cn/upload/st80_v26l.jpg]
[www.shlongline.com/pag1089126.html]
[www.shlongline.com/page10568ae.html]
[www.shlongline.com/page10555c9.html]
[www.shlongline.com/pag1088314.html]
[pro86460e.pic16.websiteonline.cn/upload/mvl_fmy3.png]
[www.shlongline.com/pag1084d61.html]
[pro86460e.pic16.websiteonline.cn/upload/vfs.jpg]
[www.shlongline.com/page105a612.html]
[www.shlongline.com/page105dd64.html]
[pro86460e.pic16.websiteonline.cn/upload/vp guage_r9fh.jpg]
[www.shlongline.com/pag1089a4d.html]
[pro86460e.pic16.websiteonline.cn/upload/vac guage_985m.jpg]
[www.shlongline.com/pag10866f6.html]
[pro86460e.pic16.websiteonline.cn/upload/sis_gutw.jpg]
[www.shlongline.com/pag1087c00.html]
[pro86460e.pic16.websiteonline.cn/upload/jietou_o7bc.jpg]
[www.shlongline.com/pag1089168.html]
[www.shlongline.com/page105f9fd.html]
[www.shlongline.com/page1059b81.html]
[www.shlongline.com/page10584c9.html]
[www.shlongline.com/page105327c.html]
[www.shlongline.com/page105b245.html]
[pro86460e.pic16.websiteonline.cn/upload/bg_30ip.html]
[static.websiteonline.cn/website/plugin/customerservice/js/floating.js]
[static.websiteonline.cn/website/plugin/breadcrumb/css/images/loader32x32.html]
[static.websiteonline.cn/website/plugin/breadcrumb/images/sprite.html]
[www.shlongline.com/GET.html]
[www.shlongline.com/page10530e9.html]
[www.shlongline.com/plugin/title/view/icons/flash.gif]
[pro86460e.pic16.websiteonline.cn/upload/tmvf90_urbe.png]
[pro86460e.pic16.websiteonline.cn/upload/jietou1_sy61.png]
[www.shlongline.com/plugin/title/view/icons/rm.gif]
[www.shlongline.com/plugin/title/css/title.css]
[www.shlongline.com/b3a7ad98f450ef68313f629e6e9e0b88.css]
[www.shlongline.com/indexd41d.html]
[www.shlongline.com/pag10871ac.html]
[www.shlongline.com/pag108b2c0.html]
[www.shlongline.com/pag1080f58.html]
[www.shlongline.com/plugin/title/view/icons/media.gif]
[www.shlongline.com/pag1088cc3.html]
[www.shlongline.com/pag1089cb9.html]
[www.shlongline.com/pag10846e1.html]
[www.shlongline.com/pag1084286.html]
[www.shlongline.com/pag108628d.html]
[www.shlongline.com/pag108a8a9.html]
[www.shlongline.com/pag108ce4d.html]
[www.shlongline.com/pag108fa40.html]
[www.shlongline.com/pag1080cd7.html]
[www.shlongline.com/pag1084229.html]
[www.shlongline.com/pag1084dfc.html]
[www.shlongline.com/pag108e13e.html]
[www.shlongline.com/pag1083bc4.html]
[www.shlongline.com/pag1088bf6.html]
[www.shlongline.com/pag10870a4.html]
[www.shlongline.com/pag1087dc7.html]
[www.shlongline.com/pag108728e.html]
[www.shlongline.com/pag10802f8.html]
[www.shlongline.com/pag1089201.html]
[www.shlongline.com/pag108e795.html]
[www.shlongline.com/pag1086ebd.html]
[pro86460e.pic16.websiteonline.cn/upload/crb3_5260.jpg]
[pro86460e.pic16.websiteonline.cn/upload/crb1_dzc8.jpg]
[pro86460e.pic16.websiteonline.cn/upload/cb1.jpg]
[pro86460e.pic16.websiteonline.cn/upload/crbjiegou.jpg]
[www.shlongline.com/pag108c071.html]
[www.shlongline.com/pag1083957.html]
[www.shlongline.com/pag1081f5e.html]
[www.shlongline.com/pag1080379.html]
[www.shlongline.com/pag108dafd.html]
[www.shlongline.com/pag108b74e.html]
[www.shlongline.com/pag108add2.html]
[www.shlongline.com/pag108f7a8.html]
[www.shlongline.com/pag1082468.html]
[www.shlongline.com/pag1083ab7.html]
[www.shlongline.com/pag108ecc9.html]
[www.shlongline.com/pag1080a7e.html]
[www.shlongline.com/pag1086fe0.html]
[www.shlongline.com/pag10880e3.html]
[www.shlongline.com/pag108ab0b.html]
[pro86460e.pic16.websiteonline.cn/upload/crbxhgc.jpg]
[www.shlongline.com/pag1082f76.html]
[www.shlongline.com/pag10887aa.html]
[www.shlongline.com/pag1088ddf.html]
[www.shlongline.com/pag1082e70.html]
[www.shlongline.com/pag10853a6.html]
[www.shlongline.com/pag1082901.html]
[www.shlongline.com/pag1080e69.html]
[www.shlongline.com/pag10899c3.html]
[static.websiteonline.cn/website/plugin/indexa443.html]
[www.shlongline.com/e0ccb033bbfa695560bb2e6f91c1a5e2.css]
[static.websiteonline.cn/website/plugin/lantern/css/lantern470f.css]
[www.shlongline.com/1.html]
[static.websiteonline.cn/website/plugin/lantern/js/lrscroll.js]
[www.shlongline.com/script/datepicker/custom_dialog.js]
[static.websiteonline.cn/website/plugin/indexf12e.html]
[www.shlongline.com/6888ea694999cb98be92bb2c27aaf7c8.css]
[pro86460e.pic16.websiteonline.cn/upload/fltp_lmqg.jpg]
[static.websiteonline.cn/website/plugin/article_detail/css/article_detail50f8.css]
[www.shlongline.com/plugin/tb_product_detail/styles/defaultn/images/sitestar_productdetailspage_up_arrow.png]
[www.shlongline.com/plugin/tb_product_detail/styles/defaultn/images/sitestar_productdetailspage_down_arrow.png]
[www.shlongline.com/plugin/article_detail/view/images/sha_tsinaa.png]
[www.shlongline.com/plugin/article_detail/view/images/sha_tsina.png]
[www.shlongline.com/plugin/article_detail/view/images/sha_sqqa.png]
[www.shlongline.com/plugin/article_detail/view/images/sha_sqq.png]
[www.shlongline.com/plugin/article_detail/view/images/sha_weixina.png]
[www.shlongline.com/plugin/article_detail/view/images/sha_weixin.png]
[www.shlongline.com/plugin/article_detail/view/images/sha_tqqa.png]
[www.shlongline.com/plugin/article_detail/view/images/sha_tqq.png]
[www.shlongline.com/plugin/article_detail/view/images/sha_qzonea.png]
[www.shlongline.com/plugin/article_detail/view/images/sha_qzone.png]
[www.shlongline.com/plugin/article_detail/view/images/sha_bdhomea.png]
[www.shlongline.com/plugin/article_detail/view/images/sha_bdhome.png]
[www.shlongline.com/plugin/article_detail/view/images/sha_doubana.png]
[www.shlongline.com/plugin/article_detail/view/images/sha_douban.png]
[www.shlongline.com/plugin/article_detail/view/images/sha_kaixin001a.png]
[www.shlongline.com/plugin/article_detail/view/images/sha_kaixin001.png]
[www.shlongline.com/page10006ae.html]
[www.shlongline.com/page100ed21.html]
[static.websiteonline.cn/website/plugin/shopping_cart/view/images/wp-new-cart-content.png]
[static.websiteonline.cn/website/plugin/shopping_cart/view/images/wp-new-cart-background.png]
[static.websiteonline.cn/website/plugin/shopping_cart/view/images/wp-new-downarrow.png]
[static.websiteonline.cn/website/plugin/shopping_cart/view/images/wp-new-shopping-cart-add-address-c.png]
[static.websiteonline.cn/website/plugin/shopping_cart/view/images/wp-new-cart-messge-dialog-left.png]
[static.websiteonline.cn/website/plugin/shopping_cart/view/images/wp-new-shopping-cart-add-address-c-input.gif]
[static.websiteonline.cn/website/plugin/shopping_cart/view/images/wp-new-cart-messge-dialog-right.png]
[static.websiteonline.cn/website/plugin/shopping_cart/view/images/wp-new-cart-messge-dialog-top-c.gif]
[static.websiteonline.cn/website/plugin/shopping_cart/view/images/wp-new-cart-messge-dialog-bottom-c.png]
[static.websiteonline.cn/website/plugin/shopping_cart/view/images/wp-new-cart-messge-dialog-message.gif]
[static.websiteonline.cn/website/plugin/shopping_cart/view/images/wp-new-cart-messge-dialog-top-left.png]
[static.websiteonline.cn/website/plugin/shopping_cart/view/images/wp-new-cart-messge-dialog-top-right.png]
[static.websiteonline.cn/website/plugin/shopping_cart/view/images/wp-cartstyle-font.png]
[static.websiteonline.cn/website/plugin/shopping_cart/css/shopping_cart.css]
[www.shlongline.com/635d61e84e0628c38fe8a20aebca393d.css]
[www.shlongline.com/page104a5b7.html]
[www.shlongline.com/page104483d.html]
[www.shlongline.com/page104dac4.html]
[www.shlongline.com/page1047330.html]
[www.shlongline.com/page10456cf.html]
[www.shlongline.com/page1046ea2.html]
[www.shlongline.com/page10428e8.html]
[www.shlongline.com/page1046b9c.html]
[www.shlongline.com/page1044d04.html]
[www.shlongline.com/page1043d7d.html]
[www.shlongline.com/page104edf3.html]
[api.map.baidu.com/library/SearchInfoWindow/1.4/src/SearchInfoWindow_min.js]
[api.map.baidu.com/library/SearchInfoWindow/1.4/src/SearchInfoWindow_min.css]
[www.shlongline.com/map/baidu90d0.html]
[www.shlongline.com/pag108e090.html]
[www.shlongline.com/pag10811dc.html]
[www.shlongline.com/pag1089b91.html]
[www.shlongline.com/pag10847d9.html]
[www.shlongline.com/pag108db9c.html]
[www.shlongline.com/pag1087c7b-2.html]
[www.shlongline.com/pag108e135.html]
[www.shlongline.com/pag108367a.html]
[www.shlongline.com/pag108b42f.html]
[www.shlongline.com/pag1088023.html]
[www.shlongline.com/pag10864b3.html]
[www.shlongline.com/pag108a832.html]
[www.shlongline.com/pag108ac17.html]
[www.shlongline.com/pag10846c9.html]
[www.shlongline.com/pag1088bab.html]
[www.shlongline.com/pag1083a4b.html]
[www.shlongline.com/pag108b63d.html]
[www.shlongline.com/pag108a8d4.html]
[www.shlongline.com/pag10860ee.html]
[www.shlongline.com/pag1083405.html]
[www.shlongline.com/pag108b6d6.html]
[www.shlongline.com/pag1085b63.html]
[www.shlongline.com/pag1081b36.html]
[www.shlongline.com/page105d58d.html]
[www.shlongline.com/pag108bf4c.html]
[www.shlongline.com/pag108566d.html]
[www.shlongline.com/pag10882fb.html]
[www.shlongline.com/pag10880fc.html]
[www.shlongline.com/pag1082b54.html]
[www.shlongline.com/pag1087843.html]
[www.shlongline.com/pag1083301.html]
[www.shlongline.com/pag108e487.html]
[www.shlongline.com/pag108f9df.html]
[www.shlongline.com/pag1085efb.html]
[www.shlongline.com/pag1084ea5.html]
[www.shlongline.com/pag108dd6b.html]
[www.shlongline.com/pag1082e62.html]
[www.shlongline.com/pag108891f.html]
[www.shlongline.com/pag1085bfa.html]
[www.shlongline.com/pag1081d2b.html]
[www.shlongline.com/pag1086e06.html]
[www.shlongline.com/pag1081b15.html]
[www.shlongline.com/pag108c0e9.html]
[www.shlongline.com/page105a5ca.html]
[www.shlongline.com/pag1087b0f.html]
[www.shlongline.com/pag10805bb.html]
[www.shlongline.com/pag1080072.html]
[www.shlongline.com/pag108ae7d.html]
[www.shlongline.com/pag108a05b.html]
[www.shlongline.com/pag1085f4e.html]
[www.shlongline.com/pag1085d6f.html]
[www.shlongline.com/pag10806a7.html]
[www.shlongline.com/pag108e4ed.html]
[www.shlongline.com/pag1086268.html]
[www.shlongline.com/pag1085717.html]
[www.shlongline.com/pag10839a5.html]
[www.shlongline.com/pag108f5ad.html]
[www.shlongline.com/pag108c527.html]
[www.shlongline.com/pag108ad8f.html]
[www.shlongline.com/pag108b94f.html]
[www.shlongline.com/pag108b3b4.html]
[www.shlongline.com/pag108507d.html]
[www.shlongline.com/pag10832e1.html]
[www.shlongline.com/pag1083d65.html]
[www.shlongline.com/page1054c3a.html]
[www.shlongline.com/pag1082873.html]
[www.shlongline.com/pag1081a56.html]
[www.shlongline.com/pag1081572.html]
[www.shlongline.com/pag108f7cc.html]
[www.shlongline.com/page1053c77.html]
[static.websiteonline.cn/website/plugin/product_detail/css/product_detailea4f.css]
[static.websiteonline.cn/website/plugin/indexa1b3.html]
[www.shlongline.com/f20614650cdd2a5731c984bf32afe34c.css]
[www.shlongline.com/pag108a459.html]
[www.shlongline.com/pag108476c.html]
[static.websiteonline.cn/website/plugin/product_detail/styles/default/images/wp-new-products-detail-select.gif]
[static.websiteonline.cn/website/plugin/product_detail/styles/default/images/wp-new-cart-background.png]
[static.websiteonline.cn/website/plugin/product_detail/view/images/wp-new-shopping-buysub.gif]
[static.websiteonline.cn/website/plugin/product_detail/view/images/wp-new-shopping-buysub-hover.gif]
[static.websiteonline.cn/website/plugin/product_detail/view/images/wp-new-shopping-addbutton.gif]
[static.websiteonline.cn/website/plugin/product_detail/view/images/wp-new-shopping-addbutton-hover.gif]
[static.websiteonline.cn/website/plugin/product_detail/styles/defaultn/images/sitestar-distribution-img.png]
[static.websiteonline.cn/website/plugin/product_detail/styles/default/images/bg-tab1.png]
[static.websiteonline.cn/website/plugin/product_detail/styles/default/images/bg-tab1-off.png]
[static.websiteonline.cn/website/plugin/product_detail/styles/default/product_detail.css]
[static.websiteonline.cn/website/plugin/product_detail/styles/default/images/bg-tab1-on.png]
[www.shlongline.com/plugin/shopping_cart/css/shopping_cart.css]
[www.shlongline.com/script/userloginpc/img/loading.gif]
[www.shlongline.com/script/mscrollbars/jquery.mCustomScrollbar.css]
[www.shlongline.com/script/mscrollbars/jquery.mCustomScrollbar.js]
[www.shlongline.com/script/mscrollbars/jquery.mousewheel.js]
[static.websiteonline.cn/website/plugin/shopping_cart/js/shopping_cart_browser.js]
[static.websiteonline.cn/website/plugin/product_detail/view/images/wp-new-cart-background.png]
[www.shlongline.com/pag1080d98.html]
[pro86460e.pic16.websiteonline.cn/upload/wsptfxiangxi_k8f5.png]
[www.shlongline.com/pag1086185.html]
[www.shlongline.com/pag1084670.html]
[www.shlongline.com/page105d5bf.html]
[pro86460e.pic16.websiteonline.cn/upload/wspk xiangxi_w1o7.png]
[www.shlongline.com/pag108486f.html]
[www.shlongline.com/pag10835bc.html]
[pro86460e.pic16.websiteonline.cn/upload/wspkl xiangxi_gars.png]
[www.shlongline.com/page105cee7.html]
[www.shlongline.com/pag10876b9.html]
[www.shlongline.com/pag108d59b.html]
[www.shlongline.com/pag108eaae.html]
[www.shlongline.com/pag108e337.html]
[www.shlongline.com/pag108d84b.html]
[www.shlongline.com/pag10818c0.html]
[www.shlongline.com/pag1085972.html]
[www.shlongline.com/pag1088034.html]
[www.shlongline.com/pag108a157.html]
[www.shlongline.com/pag108ad6a.html]
[www.shlongline.com/pag108c58c.html]
[www.shlongline.com/pag10818f9.html]
[www.shlongline.com/pag108913d.html]
[www.shlongline.com/page105b3e5.html]
[www.shlongline.com/pag108173f.html]
[www.shlongline.com/pag1083ec0.html]
[www.shlongline.com/pag108730f.html]
[www.shlongline.com/pag108ecf4.html]
[pro86460e.pic16.websiteonline.cn/upload/m2.jpg]
[www.shlongline.com/pag1083976.html]
[www.shlongline.com/pag108c395.html]
[www.shlongline.com/pag108cc0e.html]
[www.shlongline.com/pag108ebc2.html]
[www.shlongline.com/pag1082682.html]
[www.shlongline.com/pag1083257.html]
[www.shlongline.com/pag108e99b.html]
[www.shlongline.com/pag108d7c8.html]
[www.shlongline.com/pag1081b4d.html]
[www.shlongline.com/pag108152d.html]
[www.shlongline.com/pag108da36.html]
[www.shlongline.com/pag108d728.html]
[www.shlongline.com/pag108b991.html]
[www.shlongline.com/pag108021e.html]
[www.shlongline.com/pag10840f7.html]
[www.shlongline.com/pag1085e66.html]
[www.shlongline.com/pag10830c0.html]
[www.shlongline.com/pag1083d4d.html]
[www.shlongline.com/pag108206e.html]
[www.shlongline.com/pag108d314.html]
[www.shlongline.com/pag108a221.html]
[www.shlongline.com/page1055dfc.html]
[www.shlongline.com/pag10805d0.html]
[www.shlongline.com/pag1083867.html]
[www.shlongline.com/pag1088ebb.html]
[www.shlongline.com/pag108fb43.html]
[www.shlongline.com/pag1083c53.html]
[www.shlongline.com/pag10808b1.html]
[www.shlongline.com/pag108bb36.html]
[www.shlongline.com/pag1084167.html]
[www.shlongline.com/pag1081deb.html]
[www.shlongline.com/pag108329c.html]
[www.shlongline.com/pag1082698.html]
[www.shlongline.com/pag108660c.html]
[www.shlongline.com/pag108e3c6.html]
[www.shlongline.com/pag108593f.html]
[www.shlongline.com/pag1089c59.html]
[www.shlongline.com/pag108e550.html]
[www.shlongline.com/pag108a163.html]
[www.shlongline.com/pag108fe44.html]
[www.shlongline.com/pag1081864.html]
[www.shlongline.com/pag108583f.html]
[www.shlongline.com/page1051627.html]
[www.shlongline.com/pag108b4f8.html]
[pro86460e.pic16.websiteonline.cn/upload/mvl_x5tt.jpg]
[www.shlongline.com/pag108c8e0.html]
[www.shlongline.com/pag108d066.html]
[www.shlongline.com/page10568ae.html]
[www.shlongline.com/pag108e095.html]
[www.shlongline.com/pag108e9b0.html]
[www.shlongline.com/pag10854a3.html]
[www.shlongline.com/pag10858de.html]
[www.shlongline.com/pag108e89e.html]
[www.shlongline.com/page105dd64.html]
[www.shlongline.com/561bbfd9c764ed41b054325a51615633.css]
[www.shlongline.com/page1059b81.html]
[www.shlongline.com/pag108f814.html]
[www.shlongline.com/page105327c.html]
[www.shlongline.com/page10530e9.html]
[static.websiteonline.cn/website/plugin/article_detail/css/article_detail50f8.css]
[www.shlongline.com/f19ac886a24c0c1f0208b0c9e5172b25.css]
[www.shlongline.com/page100d3fb.html]
[www.shlongline.com/page100ed21.html]
[www.shlongline.com/a99f54c4f48dfa4a274a026873e978a9.css]
[www.shlongline.com/page104edf3.html]
[api.map.baidu.com/images/iw_close1d3.gif]
[api.map.baidu.com/library/SearchInfoWindow/1.4/src/SearchInfoWindow_min.css]
[www.shlongline.com/pag10811dc.html]
[www.shlongline.com/page1046a61.html]
[www.shlongline.com/pag108e090.html]
[www.shlongline.com/pag1089b91.html]
[www.shlongline.com/pag10847d9.html]
[www.shlongline.com/pag108db9c.html]
[www.shlongline.com/pag1087c7b-2.html]
[www.shlongline.com/pag108e135.html]
[www.shlongline.com/pag108367a.html]
[www.shlongline.com/pag108b42f.html]
[www.shlongline.com/pag1088023.html]
[www.shlongline.com/pag1088bab.html]
[www.shlongline.com/pag10864b3.html]
[www.shlongline.com/pag108a832.html]
[www.shlongline.com/pag108ac17.html]
[www.shlongline.com/pag10846c9.html]
[www.shlongline.com/pag1083a4b.html]
[www.shlongline.com/pag108b63d.html]
[www.shlongline.com/pag108a8d4.html]
[www.shlongline.com/pag10860ee.html]
[www.shlongline.com/pag1083405.html]
[www.shlongline.com/pag108b6d6.html]
[www.shlongline.com/pag1085b63.html]
[www.shlongline.com/pag1081b36.html]
[www.shlongline.com/pag108bf4c.html]
[www.shlongline.com/pag108566d.html]
[www.shlongline.com/pag10882fb.html]
[www.shlongline.com/pag10880fc.html]
[www.shlongline.com/pag1082b54.html]
[www.shlongline.com/pag1087843.html]
[www.shlongline.com/pag1083301.html]
[www.shlongline.com/pag108e487.html]
[www.shlongline.com/pag108f9df.html]
[www.shlongline.com/pag1085efb.html]
[www.shlongline.com/pag1084ea5.html]
[www.shlongline.com/pag108dd6b.html]
[www.shlongline.com/pag1082e62.html]
[www.shlongline.com/pag108891f.html]
[www.shlongline.com/pag1085bfa.html]
[www.shlongline.com/pag1081d2b.html]
[www.shlongline.com/pag1086e06.html]
[www.shlongline.com/pag1081b15.html]
[www.shlongline.com/pag108c0e9.html]
[www.shlongline.com/pag1080072.html]
[www.shlongline.com/pag1085f4e.html]
[www.shlongline.com/pag108ad8f.html]
[www.shlongline.com/pag108b94f.html]
[www.shlongline.com/pag108b3b4.html]
[www.shlongline.com/pag108507d.html]
[www.shlongline.com/pag10832e1.html]
[www.shlongline.com/pag1083d65.html]
[www.shlongline.com/pag1082873.html]
[www.shlongline.com/pag1081a56.html]
[www.shlongline.com/pag1081572.html]
[www.shlongline.com/pag108f7cc.html]
[www.shlongline.com/pag108a459.html]
[www.shlongline.com/pag108476c.html]
[static.websiteonline.cn/website/plugin/product_detail/styles/defaultn/images/sitestar-distribution-img.html]
[www.shlongline.com/plugin/shopping_cart/view/images/wp-new-cart-content.png]
[www.shlongline.com/plugin/shopping_cart/view/images/wp-new-downarrow.png]
[www.shlongline.com/plugin/shopping_cart/view/images/wp-new-shopping-cart-add-address-c.png]
[www.shlongline.com/plugin/shopping_cart/view/images/wp-new-shopping-cart-add-address-c-input.gif]
[www.shlongline.com/plugin/shopping_cart/view/images/wp-new-cart-messge-dialog-left.png]
[www.shlongline.com/plugin/shopping_cart/view/images/wp-new-cart-messge-dialog-right.png]
[www.shlongline.com/plugin/shopping_cart/view/images/wp-new-cart-messge-dialog-top-c.gif]
[www.shlongline.com/plugin/shopping_cart/view/images/wp-new-cart-background.png]
[www.shlongline.com/plugin/shopping_cart/view/images/wp-new-cart-messge-dialog-bottom-c.png]
[www.shlongline.com/plugin/shopping_cart/view/images/wp-new-cart-messge-dialog-message.gif]
[www.shlongline.com/plugin/shopping_cart/view/images/wp-new-cart-messge-dialog-top-left.png]
[www.shlongline.com/plugin/shopping_cart/view/images/wp-new-cart-messge-dialog-top-right.png]
[www.shlongline.com/plugin/shopping_cart/view/images/wp-cartstyle-font.png]
[www.shlongline.com/plugin/shopping_cart/css/shopping_cart.css]
[www.shlongline.com/script/mscrollbars/jquery.mCustomScrollbar.css]
[www.shlongline.com/pag1080d98.html]
[www.shlongline.com/pag1086185.html]
[www.shlongline.com/pag1084670.html]
[www.shlongline.com/pag108486f.html]
[www.shlongline.com/script/mscrollbars/mCSB_buttons.png]
[www.shlongline.com/pag10835bc.html]
[www.shlongline.com/pag10876b9.html]
[www.shlongline.com/pag108d59b.html]
[www.shlongline.com/pag108eaae.html]
[www.shlongline.com/pag108e337.html]
[www.shlongline.com/pag108d84b.html]
[www.shlongline.com/pag10818c0.html]
[www.shlongline.com/pag1085972.html]
[www.shlongline.com/pag1088034.html]
[www.shlongline.com/pag108a157.html]
[www.shlongline.com/pag108ad6a.html]
[www.shlongline.com/pag108c58c.html]
[www.shlongline.com/pag10818f9.html]
[www.shlongline.com/pag108913d.html]
[www.shlongline.com/pag108173f.html]
[www.shlongline.com/pag1083ec0.html]
[www.shlongline.com/pag108730f.html]
[www.shlongline.com/pag108ecf4.html]
[www.shlongline.com/pag1083976.html]
[www.shlongline.com/pag108c395.html]
[www.shlongline.com/pag108cc0e.html]
[www.shlongline.com/pag108ebc2.html]
[www.shlongline.com/pag1082682.html]
[www.shlongline.com/pag1083257.html]
[www.shlongline.com/pag108e99b.html]
[www.shlongline.com/pag108d7c8.html]
[pro86460e.pic16.websiteonline.cn/upload/cb3.jpg]
[www.shlongline.com/pag1081b4d.html]
[pro86460e.pic16.websiteonline.cn/upload/cb2.jpg]
[www.shlongline.com/pag108152d.html]
[www.shlongline.com/pag108da36.html]
[www.shlongline.com/pag108d728.html]
[www.shlongline.com/pag108b991.html]
[www.shlongline.com/pag108021e.html]
[www.shlongline.com/pag10840f7.html]
[www.shlongline.com/pag1085e66.html]
[www.shlongline.com/pag10830c0.html]
[www.shlongline.com/pag1083d4d.html]
[www.shlongline.com/pag108206e.html]
[www.shlongline.com/pag108d314.html]
[www.shlongline.com/pag108a221.html]
[www.shlongline.com/pag1081deb.html]
[www.shlongline.com/pag108593f.html]
[www.shlongline.com/pag1089c59.html]
[www.shlongline.com/pag108e550.html]
[www.shlongline.com/pag108a163.html]
[www.shlongline.com/pag108fe44.html]
[www.shlongline.com/pag1081864.html]
[www.shlongline.com/pag108583f.html]
[www.shlongline.com/pag108b4f8.html]
[www.shlongline.com/pag108c8e0.html]
[www.shlongline.com/pag108d066.html]
[www.shlongline.com/pag108e095.html]
[www.shlongline.com/pag108e9b0.html]
[www.shlongline.com/pag10854a3.html]
[www.shlongline.com/pag10858de.html]
[www.shlongline.com/pag108e89e.html]
[www.shlongline.com/pag108f814.html]
[www.shlongline.com/page1004023.html]
[www.shlongline.com/page100d3fb.html]
[www.shlongline.com/page1049b8a.html]
[www.shlongline.com/page1046a61.html]
[pro86460e.pic16.websiteonline.cn/upload/mv90_omv9.png]
[pro86460e.pic16.websiteonline.cn/upload/mvf90_zuiz.png]
[pro86460e.pic16.websiteonline.cn/upload/mvf_iler.png]
[www.shlongline.com/page1004023.html]
[www.shlongline.com/page10053ea.html]
[www.shlongline.com/page1049b8a.html]
[www.shlongline.com/page104d4f1.html]
[www.shlongline.com/page10053ea.html]
[www.shlongline.com/page100087a.html]
[www.shlongline.com/page104d4f1.html]
[www.shlongline.com/page100087a.html]
[www.shlongline.com/page1042e51.html]
[www.shlongline.com/page10042f2.html]
[www.shlongline.com/page1042e51.html]
[www.shlongline.com/page10042f2.html]
[www.shlongline.com/page104fc69.html]
[www.shlongline.com/page100f256.html]
[www.shlongline.com/page104fc69.html]
[www.shlongline.com/page100f256.html]
[www.shlongline.com/page1001026.html]
[www.shlongline.com/page10478a3.html]
[www.shlongline.com/page10478a3.html]
[www.shlongline.com/page104e105.html]
[www.shlongline.com/page1001026.html]
[www.shlongline.com/page104e105.html]
[www.shlongline.com/page1008c95.html]
[www.shlongline.com/page104ddc5.html]
[www.shlongline.com/page1008c95.html]
[www.shlongline.com/page1003f6d.html]
[www.shlongline.com/page104ddc5.html]
[www.shlongline.com/page104f8e4.html]
[www.shlongline.com/page1003f6d.html]
[www.shlongline.com/page1006e9b.html]
[www.shlongline.com/page104f8e4.html]
[www.shlongline.com/page104e76b.html]
[www.shlongline.com/page1006e9b.html]
[www.shlongline.com/page100714b.html]
[www.shlongline.com/page104e76b.html]
[www.shlongline.com/page1046d8a.html]
[www.shlongline.com/page100714b.html]
[www.shlongline.com/page1006469.html]
[www.shlongline.com/page1046d8a.html]
[www.shlongline.com/page1006469.html]
[www.shlongline.com/page1047e0c.html]
[www.shlongline.com/page100f8cc.html]
[www.shlongline.com/page1047e0c.html]
[www.shlongline.com/page104a779.html]
[www.shlongline.com/page100f8cc.html]
[www.shlongline.com/page104a779.html]
[www.shlongline.com/page100a779.html]
[www.shlongline.com/page104f8cc.html]
[www.shlongline.com/page100a779.html]
[www.shlongline.com/page1007e0c.html]
[www.shlongline.com/page104f8cc.html]
[www.shlongline.com/page1007e0c.html]
[www.shlongline.com/page1046469.html]
[www.shlongline.com/page1006d8a.html]
[www.shlongline.com/page1046469.html]
[www.shlongline.com/page104714b.html]
[www.shlongline.com/page1006d8a.html]
[www.shlongline.com/page100e76b.html]
[www.shlongline.com/page104714b.html]
[www.shlongline.com/page1046e9b.html]
[www.shlongline.com/page100e76b.html]
[www.shlongline.com/page100f8e4.html]
[www.shlongline.com/page1046e9b.html]
[www.shlongline.com/page1043f6d.html]
[www.shlongline.com/page100f8e4.html]
[www.shlongline.com/page100ddc5.html]
[www.shlongline.com/page1043f6d.html]
[www.shlongline.com/page100ddc5.html]
[www.shlongline.com/page1048c95.html]
[www.shlongline.com/page100e105.html]
[www.shlongline.com/page1048c95.html]
[www.shlongline.com/page1041026.html]
[www.shlongline.com/page100e105.html]
[www.shlongline.com/page10078a3.html]
[www.shlongline.com/page1041026.html]
[www.shlongline.com/page104f256.html]
[www.shlongline.com/page10078a3.html]
[www.shlongline.com/page100fc69.html]
[www.shlongline.com/page104f256.html]
[www.shlongline.com/page10442f2.html]
[www.shlongline.com/page100fc69.html]
[www.shlongline.com/page1002e51.html]
[www.shlongline.com/page10442f2.html]
[www.shlongline.com/page1002e51.html]
[www.shlongline.com/page104087a.html]
[www.shlongline.com/page100d4f1.html]
[www.shlongline.com/page104087a.html]
[www.shlongline.com/page10453ea.html]
[www.shlongline.com/page100d4f1.html]
[www.shlongline.com/page10453ea.html]
[www.shlongline.com/page1009b8a.html]
[www.shlongline.com/page1044023.html]
[www.shlongline.com/page1009b8a.html]
[www.shlongline.com/page1006a61.html]
[www.shlongline.com/page1044023.html]
[www.shlongline.com/page1006a61.html]
[www.shlongline.com/page104d3fb.html]
[www.shlongline.com/page100edf3.html]
[www.shlongline.com/page104d3fb.html]
[www.shlongline.com/page104ed21.html]
[www.shlongline.com/page100edf3.html]
[www.shlongline.com/page104ed21.html]
[www.shlongline.com/page1003d7d.html]
[www.shlongline.com/page10406ae.html]
[www.shlongline.com/page1003d7d.html]
[www.shlongline.com/page10406ae.html]
[www.shlongline.com/page1004d04.html]
[www.shlongline.com/page1004d04.html]
[www.shlongline.com/page1006b9c.html]
[www.shlongline.com/page1006b9c.html]
[www.shlongline.com/page10028e8.html]
[www.shlongline.com/page10028e8.html]
[www.shlongline.com/page1006ea2.html]
[www.shlongline.com/page1006ea2.html]
[www.shlongline.com/page10056cf.html]
[www.shlongline.com/page10056cf.html]
[www.shlongline.com/page1007330.html]
[www.shlongline.com/page1007330.html]
[www.shlongline.com/page100dac4.html]
[www.shlongline.com/page100dac4.html]
[www.shlongline.com/page100483d.html]
[www.shlongline.com/page100483d.html]
[www.shlongline.com/page100a5b7.html]
[www.shlongline.com/page100a5b7.html]
